$ riscv64-unknown-elf-readelf -h -S bin/kernel
ELF Header:
  Magic:   7f 45 4c 46 02 01 01 00 00 00 00 00 00 00 00 00 
  Class:                             ELF64
  Data:                              2's complement, little endian
  Version:                           1 (current)
  OS/ABI:                            UNIX - System V
  ABI Version:                       0
  Type:                              EXEC (Executable file)
  Machine:                           RISC-V
  Version:                           0x1
  Entry point address:               0x80200000
  Start of program headers:          64 (bytes into file)
  Start of section headers:          47608 (bytes into file)
  Flags:                             0x5, RVC, double-float ABI
  Size of this header:               64 (bytes)
  Size of program headers:           56 (bytes)
  Number of program headers:         2
  Size of section headers:           64 (bytes)
  Number of section headers:         18
  Section header string table index: 17

Section Headers:
  [Nr] Name              Type             Address           Offset
       Size              EntSize          Flags  Link  Info  Align
  [ 0]                   NULL             0000000000000000  00000000
       0000000000000000  0000000000000000           0     0     0
  [ 1] .text             PROGBITS         0000000080200000  00001000
       00000000000004c8  0000000000000000  AX       0     0     2
  [ 2] .rodata           PROGBITS         00000000802004c8  000014c8
       0000000000000270  0000000000000000   A       0     0     8
  [ 3] .data             PROGBITS         0000000080201000  00002000
       0000000000002000  0000000000000000  WA       0     0     4096
  [ 4] .sdata            PROGBITS         0000000080203000  00004000
       0000000000000008  0000000000000000  WA       0     0     8
  [ 5] .riscv.attributes RISCV_ATTRIBUTE  0000000000000000  00004008
       0000000000000035  0000000000000000           0     0     1
  [ 6] .comment          PROGBITS         0000000000000000  0000403d
       0000000000000030  0000000000000001  MS       0     0     1
  [ 7] .debug_line       PROGBITS         0000000000000000  0000406d
       0000000000001bf4  0000000000000000           0     0     1
  [ 8] .debug_info       PROGBITS         0000000000000000  00005c61
       0000000000001673  0000000000000000           0     0     1
  [ 9] .debug_abbrev     PROGBITS         0000000000000000  000072d4
       0000000000000925  0000000000000000           0     0     1
  [10] .debug_aranges    PROGBITS         0000000000000000  00007c00
       00000000000002f0  0000000000000000           0     0     16
  [11] .debug_str        PROGBITS         0000000000000000  00007ef0
       000000000000044e  0000000000000001  MS       0     0     1
  [12] .debug_ranges     PROGBITS         0000000000000000  0000833e
       0000000000000500  0000000000000000           0     0     1
  [13] .debug_frame      PROGBITS         0000000000000000  00008840
       0000000000000488  0000000000000000           0     0     8
  [14] .debug_loc        PROGBITS         0000000000000000  00008cc8
       00000000000027e3  0000000000000000           0     0     1
  [15] .symtab           SYMTAB           0000000000000000  0000b4b0
       00000000000003a8  0000000000000018          16    24     8
  [16] .strtab           STRTAB           0000000000000000  0000b858
       00000000000000e7  0000000000000000           0     0     1
  [17] .shstrtab         STRTAB           0000000000000000  0000b93f
       00000000000000b7  0000000000000000           0     0     1
Key to Flags:
  W (write), A (alloc), X (execute), M (merge), S (strings), I (info),
  L (link order), O (extra OS processing required), G (group), T (TLS),
  C (compressed), x (unknown), o (OS specific), E (exclude),
  p (processor specific)

Exit status: 0
