$ riscv64-unknown-elf-gdb --batch -x tools/boot.gdb
The target architecture is set to "riscv:rv64".
0x0000000000001000 in ?? ()

=== RESET ROM: first instructions ===
pc             0x1000	0x1000
sp             0x0	0x0
=> 0x1000:	auipc	t0,0x0
   0x1004:	addi	a1,t0,32
   0x1008:	csrr	a0,mhartid
   0x100c:	ld	t0,24(t0)
   0x1010:	jr	t0
   0x1014:	unimp
0x1018:	0x0000000080000000	0x260d0000edfe0dd0
CHECK reset_pc: PASS

=== KERNEL IMAGE: present before CPU execution ===
   0x80200000 <kern_entry>:	auipc	sp,0x3
   0x80200004 <kern_entry+4>:	mv	sp,sp
   0x80200008 <kern_entry+8>:	j	0x8020000a <kern_init>
   0x8020000a <kern_init>:	auipc	a0,0x3
Hardware assisted breakpoint 1 at 0x80000000

Breakpoint 1, 0x0000000080000000 in ?? ()

=== OPENSBI ENTRY ===
pc             0x80000000	0x80000000
a0             0x0	0
a1             0x1020	4128
=> 0x80000000:	csrr	a6,mhartid
   0x80000004:	bgtz	a6,0x80000108
   0x80000008:	auipc	t0,0x0
   0x8000000c:	addi	t0,t0,1032
   0x80000010:	auipc	t1,0x0
   0x80000014:	addi	t1,t1,-16
   0x80000018:	sd	t1,0(t0)
   0x8000001c:	auipc	t0,0x0
CHECK firmware_entry: PASS
Hardware assisted breakpoint 2 at 0x80200000: file kern/init/entry.S, line 7.

Breakpoint 2, kern_entry () at kern/init/entry.S:7
7	    la sp, bootstacktop

=== KERNEL ENTRY: before stack initialization ===
pc             0x80200000	0x80200000 <kern_entry>
sp             0x8001bd80	0x8001bd80
ra             0x80000a02	0x80000a02
a0             0x0	0
a1             0x82200000	2183135232
=> 0x80200000 <kern_entry>:	auipc	sp,0x3
   0x80200004 <kern_entry+4>:	mv	sp,sp
   0x80200008 <kern_entry+8>:	j	0x8020000a <kern_init>
   0x8020000a <kern_init>:	auipc	a0,0x3
   0x8020000e <kern_init+4>:	addi	a0,a0,-2
   0x80200012 <kern_init+8>:	auipc	a2,0x3
$1 = 0x80201000
$2 = 0x80203000
CHECK kernel_entry: PASS
0x0000000080200004 in kern_entry () at kern/init/entry.S:7
7	    la sp, bootstacktop
9	    tail kern_init

=== AFTER la sp, bootstacktop ===
pc             0x80200008	0x80200008 <kern_entry+8>
sp             0x80203000	0x80203000 <SBI_CONSOLE_PUTCHAR>
ra             0x80000a02	0x80000a02
$3 = 0x80203000
CHECK stack_pointer: PASS
Temporary breakpoint 3 at 0x8020000a: file kern/init/init.c, line 8.

Temporary breakpoint 3, kern_init () at kern/init/init.c:8
8	    memset(edata, 0, end - edata);

=== AFTER tail kern_init ===
pc             0x8020000a	0x8020000a <kern_init>
sp             0x80203000	0x80203000 <SBI_CONSOLE_PUTCHAR>
ra             0x80000a02	0x80000a02
Dump of assembler code for function kern_init:
=> 0x000000008020000a <+0>:	auipc	a0,0x3
   0x000000008020000e <+4>:	addi	a0,a0,-2 # 0x80203008
   0x0000000080200012 <+8>:	auipc	a2,0x3
   0x0000000080200016 <+12>:	addi	a2,a2,-10 # 0x80203008
   0x000000008020001a <+16>:	addi	sp,sp,-16
   0x000000008020001c <+18>:	li	a1,0
   0x000000008020001e <+20>:	sub	a2,a2,a0
   0x0000000080200020 <+22>:	sd	ra,8(sp)
   0x0000000080200022 <+24>:	jal	ra,0x802004b6 <memset>
   0x0000000080200026 <+28>:	auipc	a1,0x0
   0x000000008020002a <+32>:	addi	a1,a1,1186 # 0x802004c8
   0x000000008020002e <+36>:	auipc	a0,0x0
   0x0000000080200032 <+40>:	addi	a0,a0,1210 # 0x802004e8
   0x0000000080200036 <+44>:	jal	ra,0x80200056 <cprintf>
   0x000000008020003a <+48>:	j	0x8020003a <kern_init+48>
End of assembler dump.
CHECK tail_jump: PASS
BSS range: edata=0x80203008 end=0x80203008 bytes=0
[Inferior 1 (process 1) detached]

GDB boot verification completed.

Exit status: 0
