$ riscv64-unknown-elf-objdump -r obj/kern/driver/console.o

obj/kern/driver/console.o:     file format elf64-littleriscv

RELOCATION RECORDS FOR [.text.cons_putc]:
OFFSET           TYPE              VALUE
0000000000000004 R_RISCV_CALL_PLT  sbi_console_putchar
0000000000000004 R_RISCV_RELAX     *ABS*


RELOCATION RECORDS FOR [.text.cons_getc]:
OFFSET           TYPE              VALUE
0000000000000000 R_RISCV_CALL_PLT  sbi_console_getchar
0000000000000000 R_RISCV_RELAX     *ABS*


RELOCATION RECORDS FOR [.debug_info]:
OFFSET           TYPE              VALUE
0000000000000008 R_RISCV_32        .Ldebug_abbrev0
000000000000000d R_RISCV_32        .LASF6
0000000000000012 R_RISCV_32        .LASF0
0000000000000016 R_RISCV_32        .LASF1
000000000000001a R_RISCV_32        .LLRL1
0000000000000026 R_RISCV_32        .Ldebug_line0
000000000000002d R_RISCV_32        .LASF2
0000000000000032 R_RISCV_32        .LASF7
0000000000000045 R_RISCV_32        .LASF8
0000000000000059 R_RISCV_32        .LASF3
000000000000005e R_RISCV_32        .LASF9
0000000000000069 R_RISCV_64        .LFB4
0000000000000071 R_RISCV_ADD64     .LFE4
0000000000000071 R_RISCV_SUB64     .LFB4
000000000000008b R_RISCV_64        .LVL4
0000000000000099 R_RISCV_32        .LASF10
00000000000000a0 R_RISCV_64        .LFB3
00000000000000a8 R_RISCV_ADD64     .LFE3
00000000000000a8 R_RISCV_SUB64     .LFB3
00000000000000c0 R_RISCV_32        .LLST0
00000000000000c4 R_RISCV_32        .LVUS0
00000000000000c9 R_RISCV_64        .LVL2
00000000000000df R_RISCV_32        .LASF11
00000000000000e6 R_RISCV_64        .LFB2
00000000000000ee R_RISCV_ADD64     .LFE2
00000000000000ee R_RISCV_SUB64     .LFB2
00000000000000f9 R_RISCV_32        .LASF4
00000000000000ff R_RISCV_32        .LASF5


RELOCATION RECORDS FOR [.debug_loclists]:
OFFSET           TYPE              VALUE
0000000000000011 R_RISCV_64        .LVL0
000000000000001a R_RISCV_SET_ULEB128  .LVL0
000000000000001a R_RISCV_SUB_ULEB128  .LVL0
000000000000001b R_RISCV_SET_ULEB128  .LVL1
000000000000001b R_RISCV_SUB_ULEB128  .LVL0
000000000000001f R_RISCV_SET_ULEB128  .LVL1
000000000000001f R_RISCV_SUB_ULEB128  .LVL0
0000000000000020 R_RISCV_SET_ULEB128  .LFE3
0000000000000020 R_RISCV_SUB_ULEB128  .LVL0


RELOCATION RECORDS FOR [.debug_aranges]:
OFFSET           TYPE              VALUE
0000000000000006 R_RISCV_32        .Ldebug_info0
0000000000000010 R_RISCV_64        .LFB8
0000000000000018 R_RISCV_ADD64     .LFE8
0000000000000018 R_RISCV_SUB64     .LFB8
0000000000000020 R_RISCV_64        .LFB6
0000000000000028 R_RISCV_ADD64     .LFE6
0000000000000028 R_RISCV_SUB64     .LFB6
0000000000000030 R_RISCV_64        .LFB2
0000000000000038 R_RISCV_ADD64     .LFE2
0000000000000038 R_RISCV_SUB64     .LFB2
0000000000000040 R_RISCV_64        .LFB3
0000000000000048 R_RISCV_ADD64     .LFE3
0000000000000048 R_RISCV_SUB64     .LFB3
0000000000000050 R_RISCV_64        .LFB4
0000000000000058 R_RISCV_ADD64     .LFE4
0000000000000058 R_RISCV_SUB64     .LFB4


RELOCATION RECORDS FOR [.debug_rnglists]:
OFFSET           TYPE              VALUE
000000000000000d R_RISCV_64        .LFB8
0000000000000015 R_RISCV_SET_ULEB128  .LFE8
0000000000000015 R_RISCV_SUB_ULEB128  .LFB8
0000000000000017 R_RISCV_64        .LFB6
000000000000001f R_RISCV_SET_ULEB128  .LFE6
000000000000001f R_RISCV_SUB_ULEB128  .LFB6
0000000000000021 R_RISCV_64        .LFB2
0000000000000029 R_RISCV_SET_ULEB128  .LFE2
0000000000000029 R_RISCV_SUB_ULEB128  .LFB2
000000000000002b R_RISCV_64        .LFB3
0000000000000033 R_RISCV_SET_ULEB128  .LFE3
0000000000000033 R_RISCV_SUB_ULEB128  .LFB3
0000000000000035 R_RISCV_64        .LFB4
000000000000003d R_RISCV_SET_ULEB128  .LFE4
000000000000003d R_RISCV_SUB_ULEB128  .LFB4


RELOCATION RECORDS FOR [.debug_line]:
OFFSET           TYPE              VALUE
0000000000000022 R_RISCV_32        .LASF1
0000000000000026 R_RISCV_32        .LASF12
000000000000002a R_RISCV_32        .LASF13
0000000000000034 R_RISCV_32        .LASF0
0000000000000039 R_RISCV_32        .LASF14
000000000000003e R_RISCV_32        .LASF15
0000000000000046 R_RISCV_64        .LM1
0000000000000054 R_RISCV_64        .LFE8
0000000000000062 R_RISCV_64        .LM2
0000000000000070 R_RISCV_64        .LFE6
000000000000007e R_RISCV_64        .LM3
000000000000008a R_RISCV_ADD16     .LM4
000000000000008a R_RISCV_SUB16     .LM3
0000000000000092 R_RISCV_64        .LFE2
00000000000000a0 R_RISCV_64        .LM5
00000000000000ac R_RISCV_ADD16     .LM6
00000000000000ac R_RISCV_SUB16     .LM5
00000000000000b2 R_RISCV_ADD16     .LM7
00000000000000b2 R_RISCV_SUB16     .LM6
00000000000000bb R_RISCV_64        .LFE3
00000000000000c9 R_RISCV_64        .LM8
00000000000000d5 R_RISCV_ADD16     .LM9
00000000000000d5 R_RISCV_SUB16     .LM8
00000000000000db R_RISCV_ADD16     .LM10
00000000000000db R_RISCV_SUB16     .LM9
00000000000000e1 R_RISCV_ADD16     .LM11
00000000000000e1 R_RISCV_SUB16     .LM10
00000000000000ea R_RISCV_64        .LFE4


RELOCATION RECORDS FOR [.debug_frame]:
OFFSET           TYPE              VALUE
0000000000000014 R_RISCV_32        .L0 
0000000000000018 R_RISCV_64        .L0 
0000000000000020 R_RISCV_ADD64     .L0 
0000000000000020 R_RISCV_SUB64     .L0 
000000000000002c R_RISCV_32        .L0 
0000000000000030 R_RISCV_64        .L0 
0000000000000038 R_RISCV_ADD64     .L0 
0000000000000038 R_RISCV_SUB64     .L0 
0000000000000044 R_RISCV_32        .L0 
0000000000000048 R_RISCV_64        .L0 
0000000000000050 R_RISCV_ADD64     .L0 
0000000000000050 R_RISCV_SUB64     .L0 
000000000000005c R_RISCV_32        .L0 
0000000000000060 R_RISCV_64        .L0 
0000000000000068 R_RISCV_ADD64     .L0 
0000000000000068 R_RISCV_SUB64     .L0 
0000000000000074 R_RISCV_32        .L0 
0000000000000078 R_RISCV_64        .L0 
0000000000000080 R_RISCV_ADD64     .L0 
0000000000000080 R_RISCV_SUB64     .L0 



Exit code: 0
