$ riscv64-unknown-elf-readelf -h -l -S -s -A bin/kernel
ELF Header:
  Magic:   7f 45 4c 46 02 01 01 00 00 00 00 00 00 00 00 00 
  Class:                             ELF64
  Data:                              2's complement, little endian
  Version:                           1 (current)
  OS/ABI:                            UNIX - System V
  ABI Version:                       0
  Type:                              EXEC (Executable file)
  Machine:                           RISC-V
  Version:                           0x1
  Entry point address:               0x80200000
  Start of program headers:          64 (bytes into file)
  Start of section headers:          43688 (bytes into file)
  Flags:                             0x5, RVC, double-float ABI
  Size of this header:               64 (bytes)
  Size of program headers:           56 (bytes)
  Number of program headers:         4
  Size of section headers:           64 (bytes)
  Number of section headers:         19
  Section header string table index: 18

Section Headers:
  [Nr] Name              Type             Address           Offset
       Size              EntSize          Flags  Link  Info  Align
  [ 0]                   NULL             0000000000000000  00000000
       0000000000000000  0000000000000000           0     0     0
  [ 1] .text             PROGBITS         0000000080200000  00001000
       00000000000004a2  0000000000000000  AX       0     0     2
  [ 2] .rodata           PROGBITS         00000000802004a8  000014a8
       0000000000000270  0000000000000000   A       0     0     8
  [ 3] .data             PROGBITS         0000000080201000  00002000
       0000000000002000  0000000000000000  WA       0     0     4096
  [ 4] .sdata            PROGBITS         0000000080203000  00004000
       0000000000000008  0000000000000000  WA       0     0     8
  [ 5] .riscv.attributes RISCV_ATTRIBUTE  0000000000000000  00004008
       0000000000000074  0000000000000000           0     0     1
  [ 6] .comment          PROGBITS         0000000000000000  0000407c
       000000000000001b  0000000000000001  MS       0     0     1
  [ 7] .debug_line       PROGBITS         0000000000000000  00004097
       0000000000001ba8  0000000000000000           0     0     1
  [ 8] .debug_line_str   PROGBITS         0000000000000000  00005c3f
       00000000000000df  0000000000000001  MS       0     0     1
  [ 9] .debug_info       PROGBITS         0000000000000000  00005d1e
       000000000000186e  0000000000000000           0     0     1
  [10] .debug_abbrev     PROGBITS         0000000000000000  0000758c
       00000000000009c6  0000000000000000           0     0     1
  [11] .debug_aranges    PROGBITS         0000000000000000  00007f60
       0000000000000310  0000000000000000           0     0     16
  [12] .debug_str        PROGBITS         0000000000000000  00008270
       000000000000041c  0000000000000001  MS       0     0     1
  [13] .debug_rnglists   PROGBITS         0000000000000000  0000868c
       0000000000000282  0000000000000000           0     0     1
  [14] .debug_frame      PROGBITS         0000000000000000  00008910
       0000000000000498  0000000000000000           0     0     8
  [15] .debug_loclists   PROGBITS         0000000000000000  00008da8
       00000000000015fe  0000000000000000           0     0     1
  [16] .symtab           SYMTAB           0000000000000000  0000a3a8
       00000000000004e0  0000000000000018          17    37     8
  [17] .strtab           STRTAB           0000000000000000  0000a888
       0000000000000152  0000000000000000           0     0     1
  [18] .shstrtab         STRTAB           0000000000000000  0000a9da
       00000000000000ce  0000000000000000           0     0     1
Key to Flags:
  W (write), A (alloc), X (execute), M (merge), S (strings), I (info),
  L (link order), O (extra OS processing required), G (group), T (TLS),
  C (compressed), x (unknown), o (OS specific), E (exclude),
  D (mbind), p (processor specific)

Program Headers:
  Type           Offset             VirtAddr           PhysAddr
                 FileSiz            MemSiz              Flags  Align
  RISCV_ATTRIBUT 0x0000000000004008 0x0000000000000000 0x0000000000000000
                 0x0000000000000074 0x0000000000000000  R      0x1
  LOAD           0x0000000000001000 0x0000000080200000 0x0000000080200000
                 0x0000000000000718 0x0000000000000718  R E    0x1000
  LOAD           0x0000000000002000 0x0000000080201000 0x0000000080201000
                 0x0000000000002008 0x0000000000002008  RW     0x1000
  GNU_STACK      0x0000000000000000 0x0000000000000000 0x0000000000000000
                 0x0000000000000000 0x0000000000000000  RW     0x10

 Section to Segment mapping:
  Segment Sections...
   00     .riscv.attributes 
   01     .text .rodata 
   02     .data .sdata 
   03     

Symbol table '.symtab' contains 52 entries:
   Num:    Value          Size Type    Bind   Vis      Ndx Name
     0: 0000000000000000     0 NOTYPE  LOCAL  DEFAULT  UND 
     1: 0000000080200000     0 SECTION LOCAL  DEFAULT    1 .text
     2: 00000000802004a8     0 SECTION LOCAL  DEFAULT    2 .rodata
     3: 0000000080201000     0 SECTION LOCAL  DEFAULT    3 .data
     4: 0000000080203000     0 SECTION LOCAL  DEFAULT    4 .sdata
     5: 0000000000000000     0 SECTION LOCAL  DEFAULT    5 .riscv.attributes
     6: 0000000000000000     0 SECTION LOCAL  DEFAULT    6 .comment
     7: 0000000000000000     0 SECTION LOCAL  DEFAULT    7 .debug_line
     8: 0000000000000000     0 SECTION LOCAL  DEFAULT    8 .debug_line_str
     9: 0000000000000000     0 SECTION LOCAL  DEFAULT    9 .debug_info
    10: 0000000000000000     0 SECTION LOCAL  DEFAULT   10 .debug_abbrev
    11: 0000000000000000     0 SECTION LOCAL  DEFAULT   11 .debug_aranges
    12: 0000000000000000     0 SECTION LOCAL  DEFAULT   12 .debug_str
    13: 0000000000000000     0 SECTION LOCAL  DEFAULT   13 .debug_rnglists
    14: 0000000000000000     0 SECTION LOCAL  DEFAULT   14 .debug_frame
    15: 0000000000000000     0 SECTION LOCAL  DEFAULT   15 .debug_loclists
    16: 0000000000000000     0 FILE    LOCAL  DEFAULT  ABS entry.o
    17: 0000000080200000     0 NOTYPE  LOCAL  DEFAULT    1 $xrv64i2p1_m2p0_[...]
    18: 0000000000000000     0 FILE    LOCAL  DEFAULT  ABS init.c
    19: 000000008020000a     0 NOTYPE  LOCAL  DEFAULT    1 $xrv64i2p1_m2p0_[...]
    20: 0000000000000000     0 FILE    LOCAL  DEFAULT  ABS stdio.c
    21: 000000008020003c     0 NOTYPE  LOCAL  DEFAULT    1 $xrv64i2p1_m2p0_[...]
    22: 000000008020003c    24 FUNC    LOCAL  DEFAULT    1 cputch
    23: 0000000080200054     0 NOTYPE  LOCAL  DEFAULT    1 $xrv64i2p1_m2p0_[...]
    24: 0000000000000000     0 FILE    LOCAL  DEFAULT  ABS console.c
    25: 0000000080200088     0 NOTYPE  LOCAL  DEFAULT    1 $xrv64i2p1_m2p0_[...]
    26: 0000000000000000     0 FILE    LOCAL  DEFAULT  ABS printfmt.c
    27: 000000008020008e     0 NOTYPE  LOCAL  DEFAULT    1 $xrv64i2p1_m2p0_[...]
    28: 000000008020008e   102 FUNC    LOCAL  DEFAULT    1 printnum
    29: 00000000802000f4     0 NOTYPE  LOCAL  DEFAULT    1 $xrv64i2p1_m2p0_[...]
    30: 00000000802006e0    56 OBJECT  LOCAL  DEFAULT    2 error_string
    31: 000000008020043a     0 NOTYPE  LOCAL  DEFAULT    1 $xrv64i2p1_m2p0_[...]
    32: 0000000000000000     0 FILE    LOCAL  DEFAULT  ABS sbi.c
    33: 000000008020045a     0 NOTYPE  LOCAL  DEFAULT    1 $xrv64i2p1_m2p0_[...]
    34: 0000000000000000     0 FILE    LOCAL  DEFAULT  ABS string.c
    35: 0000000080200474     0 NOTYPE  LOCAL  DEFAULT    1 $xrv64i2p1_m2p0_[...]
    36: 0000000080200490     0 NOTYPE  LOCAL  DEFAULT    1 $xrv64i2p1_m2p0_[...]
    37: 0000000080200000     0 NOTYPE  GLOBAL DEFAULT    1 kern_entry
    38: 00000000802000f4   838 FUNC    GLOBAL DEFAULT    1 vprintfmt
    39: 0000000080200054    52 FUNC    GLOBAL DEFAULT    1 cprintf
    40: 000000008020000a    50 FUNC    GLOBAL DEFAULT    1 kern_init
    41: 0000000080203008     0 NOTYPE  GLOBAL DEFAULT    4 edata
    42: 0000000080200474    28 FUNC    GLOBAL DEFAULT    1 strnlen
    43: 0000000080200000     0 NOTYPE  GLOBAL DEFAULT  ABS BASE_ADDRESS
    44: 0000000080203008     0 NOTYPE  GLOBAL DEFAULT    4 end
    45: 0000000080200088     6 FUNC    GLOBAL DEFAULT    1 cons_putc
    46: 0000000080200490    18 FUNC    GLOBAL DEFAULT    1 memset
    47: 0000000080203000     8 OBJECT  GLOBAL DEFAULT    4 SBI_CONSOLE_PUTCHAR
    48: 000000008020043a    32 FUNC    GLOBAL DEFAULT    1 printfmt
    49: 000000008020045a    26 FUNC    GLOBAL DEFAULT    1 sbi_console_putchar
    50: 0000000080203000     0 NOTYPE  GLOBAL DEFAULT    3 bootstacktop
    51: 0000000080201000     0 NOTYPE  GLOBAL DEFAULT    3 bootstack
Attribute Section: riscv
File Attributes
  Tag_RISCV_stack_align: 16-bytes
  Tag_RISCV_arch: "rv64i2p1_m2p0_a2p1_f2p2_d2p2_c2p0_zicsr2p0_zifencei2p0_zmmul1p0_zaamo1p0_zalrsc1p0_zca1p0_zcd1p0"

Exit code: 0
