$ riscv64-unknown-elf-readelf -h -S -r obj/kern/init/entry.o
ELF Header:
  Magic:   7f 45 4c 46 02 01 01 00 00 00 00 00 00 00 00 00 
  Class:                             ELF64
  Data:                              2's complement, little endian
  Version:                           1 (current)
  OS/ABI:                            UNIX - System V
  ABI Version:                       0
  Type:                              REL (Relocatable file)
  Machine:                           RISC-V
  Version:                           0x1
  Entry point address:               0x0
  Start of program headers:          0 (bytes into file)
  Start of section headers:          10296 (bytes into file)
  Flags:                             0x5, RVC, double-float ABI
  Size of this header:               64 (bytes)
  Size of program headers:           0 (bytes)
  Number of program headers:         0
  Size of section headers:           64 (bytes)
  Number of section headers:         18
  Section header string table index: 17

Section Headers:
  [Nr] Name              Type             Address           Offset
       Size              EntSize          Flags  Link  Info  Align
  [ 0]                   NULL             0000000000000000  00000000
       0000000000000000  0000000000000000           0     0     0
  [ 1] .text             PROGBITS         0000000000000000  00000040
       0000000000000010  0000000000000000  AX       0     0     2
  [ 2] .rela.text        RELA             0000000000000000  00002538
       0000000000000090  0000000000000018   I      15     1     8
  [ 3] .data             PROGBITS         0000000000000000  00000050
       0000000000002000  0000000000000000  WA       0     0     4096
  [ 4] .bss              NOBITS           0000000000000000  00002050
       0000000000000000  0000000000000000  WA       0     0     1
  [ 5] .debug_line       PROGBITS         0000000000000000  00002050
       0000000000000052  0000000000000000           0     0     1
  [ 6] .rela.debug_line  RELA             0000000000000000  000025c8
       00000000000000d8  0000000000000018   I      15     5     8
  [ 7] .debug_line_str   PROGBITS         0000000000000000  000020a2
       0000000000000036  0000000000000001  MS       0     0     1
  [ 8] .debug_info       PROGBITS         0000000000000000  000020d8
       0000000000000028  0000000000000000           0     0     1
  [ 9] .rela.debug_info  RELA             0000000000000000  000026a0
       0000000000000090  0000000000000018   I      15     8     8
  [10] .debug_abbrev     PROGBITS         0000000000000000  00002100
       0000000000000014  0000000000000000           0     0     1
  [11] .debug_aranges    PROGBITS         0000000000000000  00002118
       0000000000000030  0000000000000000           0     0     16
  [12] .rela.debug_[...] RELA             0000000000000000  00002730
       0000000000000060  0000000000000018   I      15    11     8
  [13] .debug_str        PROGBITS         0000000000000000  00002148
       0000000000000042  0000000000000001  MS       0     0     1
  [14] .riscv.attributes RISCV_ATTRIBUTE  0000000000000000  0000218a
       0000000000000072  0000000000000000           0     0     1
  [15] .symtab           SYMTAB           0000000000000000  00002200
       00000000000002a0  0000000000000018          16    24     8
  [16] .strtab           STRTAB           0000000000000000  000024a0
       0000000000000095  0000000000000000           0     0     1
  [17] .shstrtab         STRTAB           0000000000000000  00002790
       00000000000000a2  0000000000000000           0     0     1
Key to Flags:
  W (write), A (alloc), X (execute), M (merge), S (strings), I (info),
  L (link order), O (extra OS processing required), G (group), T (TLS),
  C (compressed), x (unknown), o (OS specific), E (exclude),
  D (mbind), p (processor specific)

Relocation section '.rela.text' at offset 0x2538 contains 6 entries:
  Offset          Info           Type           Sym. Value    Sym. Name + Addend
000000000000  001900000017 R_RISCV_PCREL_HI2 0000000000002000 bootstacktop + 0
000000000000  000000000033 R_RISCV_RELAX                        0
000000000004  001300000018 R_RISCV_PCREL_LO1 0000000000000000 .L0  + 0
000000000004  000000000033 R_RISCV_RELAX                        0
000000000008  001a00000013 R_RISCV_CALL_PLT  0000000000000000 kern_init + 0
000000000008  000000000033 R_RISCV_RELAX                        0

Relocation section '.rela.debug_line' at offset 0x25c8 contains 9 entries:
  Offset          Info           Type           Sym. Value    Sym. Name + Addend
000000000022  000700000001 R_RISCV_32        0000000000000000 .L0  + 0
000000000026  000800000001 R_RISCV_32        0000000000000024 .L0  + 0
000000000030  000900000001 R_RISCV_32        000000000000002e .L0  + 0
000000000035  000900000001 R_RISCV_32        000000000000002e .L0  + 0
00000000003d  000500000002 R_RISCV_64        0000000000000000 .L0  + 0
000000000049  000600000022 R_RISCV_ADD16     0000000000000008 .L0  + 0
000000000049  000500000026 R_RISCV_SUB16     0000000000000000 .L0  + 0
00000000004d  000a00000022 R_RISCV_ADD16     0000000000000010 .L0  + 0
00000000004d  000600000026 R_RISCV_SUB16     0000000000000008 .L0  + 0

Relocation section '.rela.debug_info' at offset 0x26a0 contains 6 entries:
  Offset          Info           Type           Sym. Value    Sym. Name + Addend
000000000008  001100000001 R_RISCV_32        0000000000000000 .debug_abbrev + 0
00000000000d  001200000001 R_RISCV_32        0000000000000000 .debug_line + 0
000000000011  000c00000002 R_RISCV_64        0000000000000000 .L0  + 0
00000000001a  000e00000001 R_RISCV_32        0000000000000000 .L0  + 0
00000000001e  000f00000001 R_RISCV_32        0000000000000012 .L0  + 0
000000000022  001000000001 R_RISCV_32        0000000000000036 .L0  + 0

Relocation section '.rela.debug_aranges' at offset 0x2730 contains 4 entries:
  Offset          Info           Type           Sym. Value    Sym. Name + Addend
000000000006  000b00000001 R_RISCV_32        0000000000000000 .debug_info + 0
000000000010  000c00000002 R_RISCV_64        0000000000000000 .L0  + 0
000000000018  000d00000024 R_RISCV_ADD64     0000000000000010 .L0  + 0
000000000018  000c00000028 R_RISCV_SUB64     0000000000000000 .L0  + 0

Exit code: 0
