$ riscv64-unknown-elf-nm -n bin/kernel
0000000080200000 A BASE_ADDRESS
0000000080200000 T kern_entry
000000008020000a T kern_init
000000008020003c t cputch
0000000080200054 T cprintf
0000000080200088 T cons_putc
000000008020008e t printnum
00000000802000f4 T vprintfmt
000000008020043a T printfmt
000000008020045a T sbi_console_putchar
0000000080200474 T strnlen
0000000080200490 T memset
00000000802006e0 r error_string
0000000080201000 D bootstack
0000000080203000 D SBI_CONSOLE_PUTCHAR
0000000080203000 D bootstacktop
0000000080203008 D edata
0000000080203008 D end

Exit code: 0
